******************************************************************************
                  TI ARM Linker PC v18.1.3                     
******************************************************************************
>> Linked Sat Dec  8 12:24:11 2018

OUTPUT FILE NAME:   <ECEN2440_Final_Project_v1.out>
ENTRY POINT SYMBOL: "_c_int00_noargs"  address: 00001389


MEMORY CONFIGURATION

         name            origin    length      used     unused   attr    fill
----------------------  --------  ---------  --------  --------  ----  --------
  MAIN                  00000000   00040000  00001456  0003ebaa  R  X
  INFO                  00200000   00004000  00000000  00004000  R  X
  SRAM_CODE             01000000   00010000  00000260  0000fda0  RW X
  SRAM_DATA             20000000   00010000  00000260  0000fda0  RW  


SEGMENT ALLOCATION MAP

run origin  load origin   length   init length attrs members
----------  ----------- ---------- ----------- ----- -------
00000000    00000000    00001458   00001458    r-x
  00000000    00000000    000000e4   000000e4    r-- .intvecs
  000000e4    000000e4    00001342   00001342    r-x .text
  00001428    00001428    00000030   00000030    r-- .cinit
20000000    20000000    00000060   00000000    rw-
  20000000    20000000    00000054   00000000    rw- .bss
  20000054    20000054    0000000c   00000000    rw- .data
2000fe00    2000fe00    00000200   00000000    rw-
  2000fe00    2000fe00    00000200   00000000    rw- .stack


SECTION ALLOCATION MAP

 output                                  attributes/
section   page    origin      length       input sections
--------  ----  ----------  ----------   ----------------
.intvecs   0    00000000    000000e4     
                  00000000    000000e4     startup_msp432p401r_ccs.obj (.intvecs:retain)

.text      0    000000e4    00001342     
                  000000e4    000005c4     timing.obj (.text)
                  000006a8    00000334     system_msp432p401r.obj (.text)
                  000009dc    00000234     main.obj (.text)
                  00000c10    00000214     movement_lib.obj (.text)
                  00000e24    000001ec     movement_lib.obj (.text:moveStraightDist)
                  00001010    000000dc     movement_lib.obj (.text:rotDeg)
                  000010ec    0000009c     rtsv7M4_T_le_v4SPD16_eabi.lib : memcpy_t2.asm.obj (.text)
                  00001188    0000007a                                   : memset_t2.asm.obj (.text)
                  00001202    00000002     --HOLE-- [fill = 0]
                  00001204    00000070     movement_lib.obj (.text:setDir)
                  00001274    00000068     rtsv7M4_T_le_v4SPD16_eabi.lib : copy_decompress_lzss.c.obj (.text:decompress:lzss:__TI_decompress_lzss)
                  000012dc    00000068     movement_lib.obj (.text:setLEDColor)
                  00001344    00000044     rtsv7M4_T_le_v4SPD16_eabi.lib : autoinit.c.obj (.text:__TI_auto_init_nobinit_nopinit:__TI_auto_init_nobinit_nopinit)
                  00001388    00000038                                   : boot_cortex_m.c.obj (.text:_c_int00_noargs:_c_int00_noargs)
                  000013c0    00000018     movement_lib.obj (.text:clearTurns)
                  000013d8    00000018     movement_lib.obj (.text:powerDiff)
                  000013f0    00000012     rtsv7M4_T_le_v4SPD16_eabi.lib : copy_zero_init.c.obj (.text:decompress:ZI:__TI_zero_init_nomemset:__TI_zero_init_nomemset)
                  00001402    0000000e                                   : copy_decompress_none.c.obj (.text:decompress:none:__TI_decompress_none)
                  00001410    0000000e     startup_msp432p401r_ccs.obj (.text)
                  0000141e    00000004     rtsv7M4_T_le_v4SPD16_eabi.lib : pre_init.c.obj (.text:_system_pre_init)
                  00001422    00000004                                   : exit.c.obj (.text:abort:abort)

.cinit     0    00001428    00000030     
                  00001428    0000000c     (__TI_handler_table)
                  00001434    0000000b     (.cinit..data.load) [load image, compression = lzss]
                  0000143f    00000001     --HOLE-- [fill = 0]
                  00001440    00000008     (.cinit..bss.load) [load image, compression = zero_init]
                  00001448    00000010     (__TI_cinit_table)

.init_array 
*          0    00000000    00000000     UNINITIALIZED

.binit     0    00000000    00000000     

.bss       0    20000000    00000054     UNINITIALIZED
                  20000000    00000054     (.common:var)

.data      0    20000054    0000000c     UNINITIALIZED
                  20000054    00000008     movement_lib.obj (.data)
                  2000005c    00000004     system_msp432p401r.obj (.data)

.stack     0    2000fe00    00000200     UNINITIALIZED
                  2000fe00    00000004     rtsv7M4_T_le_v4SPD16_eabi.lib : boot_cortex_m.c.obj (.stack)
                  2000fe04    000001fc     --HOLE--

MODULE SUMMARY

       Module                        code   ro data   rw data
       ------                        ----   -------   -------
    .\
       movement_lib.obj              1508   0         16     
       timing.obj                    1476   0         0      
       system_msp432p401r.obj        820    0         8      
       main.obj                      564    0         168    
       startup_msp432p401r_ccs.obj   14     228       0      
    +--+-----------------------------+------+---------+---------+
       Total:                        4382   228       192    
                                                             
    D:\Programs\ti\ccsv8\tools\compiler\ti-cgt-arm_18.1.3.LTS\lib\rtsv7M4_T_le_v4SPD16_eabi.lib
       memcpy_t2.asm.obj             156    0         0      
       memset_t2.asm.obj             122    0         0      
       copy_decompress_lzss.c.obj    104    0         0      
       autoinit.c.obj                68     0         0      
       boot_cortex_m.c.obj           56     0         0      
       copy_zero_init.c.obj          18     0         0      
       copy_decompress_none.c.obj    14     0         0      
       exit.c.obj                    4      0         0      
       pre_init.c.obj                4      0         0      
    +--+-----------------------------+------+---------+---------+
       Total:                        546    0         0      
                                                             
       Stack:                        0      0         1024   
       Linker Generated:             0      47        0      
    +--+-----------------------------+------+---------+---------+
       Grand Total:                  4928   275       1216   


LINKER GENERATED COPY TABLES

__TI_cinit_table @ 00001448 records: 2, size/record: 8, table size: 16
	.data: load addr=00001434, load size=0000000b bytes, run addr=20000054, run size=0000000c bytes, compression=lzss
	.bss: load addr=00001440, load size=00000008 bytes, run addr=20000000, run size=00000054 bytes, compression=zero_init


LINKER GENERATED HANDLER TABLE

__TI_handler_table @ 00001428 records: 3, size/record: 4, table size: 12
	index: 0, handler: __TI_decompress_lzss
	index: 1, handler: __TI_decompress_none
	index: 2, handler: __TI_zero_init


GLOBAL SYMBOLS: SORTED ALPHABETICALLY BY Name 

address   name                          
-------   ----                          
0000141d  ADC14_IRQHandler              
0000141d  AES256_IRQHandler             
0000141d  BusFault_Handler              
00001423  C$$EXIT                       
0000141d  COMP_E0_IRQHandler            
0000141d  COMP_E1_IRQHandler            
0000141d  CS_IRQHandler                 
0000141d  DMA_ERR_IRQHandler            
0000141d  DMA_INT0_IRQHandler           
0000141d  DMA_INT1_IRQHandler           
0000141d  DMA_INT2_IRQHandler           
0000141d  DMA_INT3_IRQHandler           
0000141d  DebugMon_Handler              
0000141d  Default_Handler               
0000141d  EUSCIA0_IRQHandler            
0000141d  EUSCIA1_IRQHandler            
0000141d  EUSCIA2_IRQHandler            
0000141d  EUSCIA3_IRQHandler            
0000141d  EUSCIB0_IRQHandler            
0000141d  EUSCIB1_IRQHandler            
0000141d  EUSCIB2_IRQHandler            
0000141d  EUSCIB3_IRQHandler            
0000141d  FLCTL_IRQHandler              
0000141d  FPU_IRQHandler                
0000141d  HardFault_Handler             
0000141d  MemManage_Handler             
0000141d  NMI_Handler                   
0000141d  PCM_IRQHandler                
0000141d  PORT1_IRQHandler              
0000141d  PORT2_IRQHandler              
0000141d  PORT3_IRQHandler              
00000c59  PORT4_IRQHandler              
00000c59  PORT4_IRQHandler              
0000141d  PORT5_IRQHandler              
00000a7b  PORT6_IRQHandler              
00000a7b  PORT6_IRQHandler              
0000141d  PSS_IRQHandler                
0000141d  PendSV_Handler                
0000141d  RTC_C_IRQHandler              
00001411  Reset_Handler                 
0000141d  SVC_Handler                   
0000141d  SysTick_Handler               
2000005c  SystemCoreClock               
000006a9  SystemCoreClockUpdate         
00000921  SystemInit                    
0000141d  T32_INT1_IRQHandler           
0000141d  T32_INT2_IRQHandler           
0000141d  T32_INTC_IRQHandler           
0000141d  TA0_0_IRQHandler              
0000141d  TA0_N_IRQHandler              
0000141d  TA1_0_IRQHandler              
0000141d  TA1_N_IRQHandler              
0000141d  TA2_0_IRQHandler              
0000141d  TA2_N_IRQHandler              
00000a3d  TA3_0_IRQHandler              
00000a3d  TA3_0_IRQHandler              
00000a51  TA3_N_IRQHandler              
00000a51  TA3_N_IRQHandler              
0000141d  UsageFault_Handler            
4000480c  WDTCTL_SYM                    
0000141d  WDT_A_IRQHandler              
20010000  __STACK_END                   
00000200  __STACK_SIZE                  
00001448  __TI_CINIT_Base               
00001458  __TI_CINIT_Limit              
00001428  __TI_Handler_Table_Base       
00001434  __TI_Handler_Table_Limit      
00001345  __TI_auto_init_nobinit_nopinit
00001275  __TI_decompress_lzss          
00001403  __TI_decompress_none          
ffffffff  __TI_pprof_out_hndl           
ffffffff  __TI_prof_data_size           
ffffffff  __TI_prof_data_start          
00000000  __TI_static_base__            
000013f1  __TI_zero_init_nomemset       
00001189  __aeabi_memclr                
00001189  __aeabi_memclr4               
00001189  __aeabi_memclr8               
000010ed  __aeabi_memcpy                
000010ed  __aeabi_memcpy4               
000010ed  __aeabi_memcpy8               
0000118b  __aeabi_memset                
0000118b  __aeabi_memset4               
0000118b  __aeabi_memset8               
ffffffff  __binit__                     
ffffffff  __c_args__                    
UNDEFED   __mpu_init                    
2000fe00  __stack                       
00001389  _c_int00_noargs               
UNDEFED   _system_post_cinit            
0000141f  _system_pre_init              
00001423  abort                         
ffffffff  binit                         
000013c1  clearTurns                    
00000000  interruptVectors              
00000aff  main                          
000010ed  memcpy                        
00001191  memset                        
00000e25  moveStraightDist              
000013d9  powerDiff                     
00001011  rotDeg                        
00001205  setDir                        
000012dd  setLEDColor                   
00000c95  setupMovement                 
00000115  timing0                       
0000044d  timing1                       
000004a7  timing2                       
000004b1  timing3                       
000004bb  timing4                       
000004e1  timingSetup                   
20000000  var                           


GLOBAL SYMBOLS: SORTED BY Symbol Address 

address   name                          
-------   ----                          
00000000  __TI_static_base__            
00000000  interruptVectors              
00000115  timing0                       
00000200  __STACK_SIZE                  
0000044d  timing1                       
000004a7  timing2                       
000004b1  timing3                       
000004bb  timing4                       
000004e1  timingSetup                   
000006a9  SystemCoreClockUpdate         
00000921  SystemInit                    
00000a3d  TA3_0_IRQHandler              
00000a3d  TA3_0_IRQHandler              
00000a51  TA3_N_IRQHandler              
00000a51  TA3_N_IRQHandler              
00000a7b  PORT6_IRQHandler              
00000a7b  PORT6_IRQHandler              
00000aff  main                          
00000c59  PORT4_IRQHandler              
00000c59  PORT4_IRQHandler              
00000c95  setupMovement                 
00000e25  moveStraightDist              
00001011  rotDeg                        
000010ed  __aeabi_memcpy                
000010ed  __aeabi_memcpy4               
000010ed  __aeabi_memcpy8               
000010ed  memcpy                        
00001189  __aeabi_memclr                
00001189  __aeabi_memclr4               
00001189  __aeabi_memclr8               
0000118b  __aeabi_memset                
0000118b  __aeabi_memset4               
0000118b  __aeabi_memset8               
00001191  memset                        
00001205  setDir                        
00001275  __TI_decompress_lzss          
000012dd  setLEDColor                   
00001345  __TI_auto_init_nobinit_nopinit
00001389  _c_int00_noargs               
000013c1  clearTurns                    
000013d9  powerDiff                     
000013f1  __TI_zero_init_nomemset       
00001403  __TI_decompress_none          
00001411  Reset_Handler                 
0000141d  ADC14_IRQHandler              
0000141d  AES256_IRQHandler             
0000141d  BusFault_Handler              
0000141d  COMP_E0_IRQHandler            
0000141d  COMP_E1_IRQHandler            
0000141d  CS_IRQHandler                 
0000141d  DMA_ERR_IRQHandler            
0000141d  DMA_INT0_IRQHandler           
0000141d  DMA_INT1_IRQHandler           
0000141d  DMA_INT2_IRQHandler           
0000141d  DMA_INT3_IRQHandler           
0000141d  DebugMon_Handler              
0000141d  Default_Handler               
0000141d  EUSCIA0_IRQHandler            
0000141d  EUSCIA1_IRQHandler            
0000141d  EUSCIA2_IRQHandler            
0000141d  EUSCIA3_IRQHandler            
0000141d  EUSCIB0_IRQHandler            
0000141d  EUSCIB1_IRQHandler            
0000141d  EUSCIB2_IRQHandler            
0000141d  EUSCIB3_IRQHandler            
0000141d  FLCTL_IRQHandler              
0000141d  FPU_IRQHandler                
0000141d  HardFault_Handler             
0000141d  MemManage_Handler             
0000141d  NMI_Handler                   
0000141d  PCM_IRQHandler                
0000141d  PORT1_IRQHandler              
0000141d  PORT2_IRQHandler              
0000141d  PORT3_IRQHandler              
0000141d  PORT5_IRQHandler              
0000141d  PSS_IRQHandler                
0000141d  PendSV_Handler                
0000141d  RTC_C_IRQHandler              
0000141d  SVC_Handler                   
0000141d  SysTick_Handler               
0000141d  T32_INT1_IRQHandler           
0000141d  T32_INT2_IRQHandler           
0000141d  T32_INTC_IRQHandler           
0000141d  TA0_0_IRQHandler              
0000141d  TA0_N_IRQHandler              
0000141d  TA1_0_IRQHandler              
0000141d  TA1_N_IRQHandler              
0000141d  TA2_0_IRQHandler              
0000141d  TA2_N_IRQHandler              
0000141d  UsageFault_Handler            
0000141d  WDT_A_IRQHandler              
0000141f  _system_pre_init              
00001423  C$$EXIT                       
00001423  abort                         
00001428  __TI_Handler_Table_Base       
00001434  __TI_Handler_Table_Limit      
00001448  __TI_CINIT_Base               
00001458  __TI_CINIT_Limit              
20000000  var                           
2000005c  SystemCoreClock               
2000fe00  __stack                       
20010000  __STACK_END                   
4000480c  WDTCTL_SYM                    
ffffffff  __TI_pprof_out_hndl           
ffffffff  __TI_prof_data_size           
ffffffff  __TI_prof_data_start          
ffffffff  __binit__                     
ffffffff  __c_args__                    
ffffffff  binit                         
UNDEFED   __mpu_init                    
UNDEFED   _system_post_cinit            

[111 symbols]
