******************************************************************************
                  TI ARM Linker PC v18.1.3                     
******************************************************************************
>> Linked Sat Dec  8 00:40:56 2018

OUTPUT FILE NAME:   <ECEN2440_Final_Project_v1.out>
ENTRY POINT SYMBOL: "_c_int00_noargs"  address: 00001349


MEMORY CONFIGURATION

         name            origin    length      used     unused   attr    fill
----------------------  --------  ---------  --------  --------  ----  --------
  MAIN                  00000000   00040000  00001416  0003ebea  R  X
  INFO                  00200000   00004000  00000000  00004000  R  X
  SRAM_CODE             01000000   00010000  00000260  0000fda0  RW X
  SRAM_DATA             20000000   00010000  00000260  0000fda0  RW  


SEGMENT ALLOCATION MAP

run origin  load origin   length   init length attrs members
----------  ----------- ---------- ----------- ----- -------
00000000    00000000    00001418   00001418    r-x
  00000000    00000000    000000e4   000000e4    r-- .intvecs
  000000e4    000000e4    00001302   00001302    r-x .text
  000013e8    000013e8    00000030   00000030    r-- .cinit
20000000    20000000    00000060   00000000    rw-
  20000000    20000000    00000054   00000000    rw- .bss
  20000054    20000054    0000000c   00000000    rw- .data
2000fe00    2000fe00    00000200   00000000    rw-
  2000fe00    2000fe00    00000200   00000000    rw- .stack


SECTION ALLOCATION MAP

 output                                  attributes/
section   page    origin      length       input sections
--------  ----  ----------  ----------   ----------------
.intvecs   0    00000000    000000e4     
                  00000000    000000e4     startup_msp432p401r_ccs.obj (.intvecs:retain)

.text      0    000000e4    00001302     
                  000000e4    00000584     timing.obj (.text)
                  00000668    00000334     system_msp432p401r.obj (.text)
                  0000099c    00000234     main.obj (.text)
                  00000bd0    00000214     movement_lib.obj (.text)
                  00000de4    000001ec     movement_lib.obj (.text:moveStraightDist)
                  00000fd0    000000dc     movement_lib.obj (.text:rotDeg)
                  000010ac    0000009c     rtsv7M4_T_le_v4SPD16_eabi.lib : memcpy_t2.asm.obj (.text)
                  00001148    0000007a                                   : memset_t2.asm.obj (.text)
                  000011c2    00000002     --HOLE-- [fill = 0]
                  000011c4    00000070     movement_lib.obj (.text:setDir)
                  00001234    00000068     rtsv7M4_T_le_v4SPD16_eabi.lib : copy_decompress_lzss.c.obj (.text:decompress:lzss:__TI_decompress_lzss)
                  0000129c    00000068     movement_lib.obj (.text:setLEDColor)
                  00001304    00000044     rtsv7M4_T_le_v4SPD16_eabi.lib : autoinit.c.obj (.text:__TI_auto_init_nobinit_nopinit:__TI_auto_init_nobinit_nopinit)
                  00001348    00000038                                   : boot_cortex_m.c.obj (.text:_c_int00_noargs:_c_int00_noargs)
                  00001380    00000018     movement_lib.obj (.text:clearTurns)
                  00001398    00000018     movement_lib.obj (.text:powerDiff)
                  000013b0    00000012     rtsv7M4_T_le_v4SPD16_eabi.lib : copy_zero_init.c.obj (.text:decompress:ZI:__TI_zero_init_nomemset:__TI_zero_init_nomemset)
                  000013c2    0000000e                                   : copy_decompress_none.c.obj (.text:decompress:none:__TI_decompress_none)
                  000013d0    0000000e     startup_msp432p401r_ccs.obj (.text)
                  000013de    00000004     rtsv7M4_T_le_v4SPD16_eabi.lib : pre_init.c.obj (.text:_system_pre_init)
                  000013e2    00000004                                   : exit.c.obj (.text:abort:abort)

.cinit     0    000013e8    00000030     
                  000013e8    0000000c     (__TI_handler_table)
                  000013f4    0000000b     (.cinit..data.load) [load image, compression = lzss]
                  000013ff    00000001     --HOLE-- [fill = 0]
                  00001400    00000008     (.cinit..bss.load) [load image, compression = zero_init]
                  00001408    00000010     (__TI_cinit_table)

.init_array 
*          0    00000000    00000000     UNINITIALIZED

.binit     0    00000000    00000000     

.bss       0    20000000    00000054     UNINITIALIZED
                  20000000    00000054     (.common:var)

.data      0    20000054    0000000c     UNINITIALIZED
                  20000054    00000008     movement_lib.obj (.data)
                  2000005c    00000004     system_msp432p401r.obj (.data)

.stack     0    2000fe00    00000200     UNINITIALIZED
                  2000fe00    00000004     rtsv7M4_T_le_v4SPD16_eabi.lib : boot_cortex_m.c.obj (.stack)
                  2000fe04    000001fc     --HOLE--

MODULE SUMMARY

       Module                        code   ro data   rw data
       ------                        ----   -------   -------
    .\
       movement_lib.obj              1508   0         16     
       timing.obj                    1412   0         0      
       system_msp432p401r.obj        820    0         8      
       main.obj                      564    0         168    
       startup_msp432p401r_ccs.obj   14     228       0      
    +--+-----------------------------+------+---------+---------+
       Total:                        4318   228       192    
                                                             
    D:\Programs\ti\ccsv8\tools\compiler\ti-cgt-arm_18.1.3.LTS\lib\rtsv7M4_T_le_v4SPD16_eabi.lib
       memcpy_t2.asm.obj             156    0         0      
       memset_t2.asm.obj             122    0         0      
       copy_decompress_lzss.c.obj    104    0         0      
       autoinit.c.obj                68     0         0      
       boot_cortex_m.c.obj           56     0         0      
       copy_zero_init.c.obj          18     0         0      
       copy_decompress_none.c.obj    14     0         0      
       exit.c.obj                    4      0         0      
       pre_init.c.obj                4      0         0      
    +--+-----------------------------+------+---------+---------+
       Total:                        546    0         0      
                                                             
       Stack:                        0      0         1024   
       Linker Generated:             0      47        0      
    +--+-----------------------------+------+---------+---------+
       Grand Total:                  4864   275       1216   


LINKER GENERATED COPY TABLES

__TI_cinit_table @ 00001408 records: 2, size/record: 8, table size: 16
	.data: load addr=000013f4, load size=0000000b bytes, run addr=20000054, run size=0000000c bytes, compression=lzss
	.bss: load addr=00001400, load size=00000008 bytes, run addr=20000000, run size=00000054 bytes, compression=zero_init


LINKER GENERATED HANDLER TABLE

__TI_handler_table @ 000013e8 records: 3, size/record: 4, table size: 12
	index: 0, handler: __TI_decompress_lzss
	index: 1, handler: __TI_decompress_none
	index: 2, handler: __TI_zero_init


GLOBAL SYMBOLS: SORTED ALPHABETICALLY BY Name 

address   name                          
-------   ----                          
000013dd  ADC14_IRQHandler              
000013dd  AES256_IRQHandler             
000013dd  BusFault_Handler              
000013e3  C$$EXIT                       
000013dd  COMP_E0_IRQHandler            
000013dd  COMP_E1_IRQHandler            
000013dd  CS_IRQHandler                 
000013dd  DMA_ERR_IRQHandler            
000013dd  DMA_INT0_IRQHandler           
000013dd  DMA_INT1_IRQHandler           
000013dd  DMA_INT2_IRQHandler           
000013dd  DMA_INT3_IRQHandler           
000013dd  DebugMon_Handler              
000013dd  Default_Handler               
000013dd  EUSCIA0_IRQHandler            
000013dd  EUSCIA1_IRQHandler            
000013dd  EUSCIA2_IRQHandler            
000013dd  EUSCIA3_IRQHandler            
000013dd  EUSCIB0_IRQHandler            
000013dd  EUSCIB1_IRQHandler            
000013dd  EUSCIB2_IRQHandler            
000013dd  EUSCIB3_IRQHandler            
000013dd  FLCTL_IRQHandler              
000013dd  FPU_IRQHandler                
000013dd  HardFault_Handler             
000013dd  MemManage_Handler             
000013dd  NMI_Handler                   
000013dd  PCM_IRQHandler                
000013dd  PORT1_IRQHandler              
000013dd  PORT2_IRQHandler              
000013dd  PORT3_IRQHandler              
00000c19  PORT4_IRQHandler              
00000c19  PORT4_IRQHandler              
000013dd  PORT5_IRQHandler              
00000a3b  PORT6_IRQHandler              
00000a3b  PORT6_IRQHandler              
000013dd  PSS_IRQHandler                
000013dd  PendSV_Handler                
000013dd  RTC_C_IRQHandler              
000013d1  Reset_Handler                 
000013dd  SVC_Handler                   
000013dd  SysTick_Handler               
2000005c  SystemCoreClock               
00000669  SystemCoreClockUpdate         
000008e1  SystemInit                    
000013dd  T32_INT1_IRQHandler           
000013dd  T32_INT2_IRQHandler           
000013dd  T32_INTC_IRQHandler           
000013dd  TA0_0_IRQHandler              
000013dd  TA0_N_IRQHandler              
000013dd  TA1_0_IRQHandler              
000013dd  TA1_N_IRQHandler              
000013dd  TA2_0_IRQHandler              
000013dd  TA2_N_IRQHandler              
000009fd  TA3_0_IRQHandler              
000009fd  TA3_0_IRQHandler              
00000a11  TA3_N_IRQHandler              
00000a11  TA3_N_IRQHandler              
000013dd  UsageFault_Handler            
4000480c  WDTCTL_SYM                    
000013dd  WDT_A_IRQHandler              
20010000  __STACK_END                   
00000200  __STACK_SIZE                  
00001408  __TI_CINIT_Base               
00001418  __TI_CINIT_Limit              
000013e8  __TI_Handler_Table_Base       
000013f4  __TI_Handler_Table_Limit      
00001305  __TI_auto_init_nobinit_nopinit
00001235  __TI_decompress_lzss          
000013c3  __TI_decompress_none          
ffffffff  __TI_pprof_out_hndl           
ffffffff  __TI_prof_data_size           
ffffffff  __TI_prof_data_start          
00000000  __TI_static_base__            
000013b1  __TI_zero_init_nomemset       
00001149  __aeabi_memclr                
00001149  __aeabi_memclr4               
00001149  __aeabi_memclr8               
000010ad  __aeabi_memcpy                
000010ad  __aeabi_memcpy4               
000010ad  __aeabi_memcpy8               
0000114b  __aeabi_memset                
0000114b  __aeabi_memset4               
0000114b  __aeabi_memset8               
ffffffff  __binit__                     
ffffffff  __c_args__                    
UNDEFED   __mpu_init                    
2000fe00  __stack                       
00001349  _c_int00_noargs               
UNDEFED   _system_post_cinit            
000013df  _system_pre_init              
000013e3  abort                         
ffffffff  binit                         
00001381  clearTurns                    
00000000  interruptVectors              
00000abf  main                          
000010ad  memcpy                        
00001151  memset                        
00000de5  moveStraightDist              
00001399  powerDiff                     
00000fd1  rotDeg                        
000011c5  setDir                        
0000129d  setLEDColor                   
00000c55  setupMovement                 
00000111  timing0                       
00000409  timing1                       
00000463  timing2                       
0000046d  timing3                       
00000477  timing4                       
000004a1  timingSetup                   
20000000  var                           


GLOBAL SYMBOLS: SORTED BY Symbol Address 

address   name                          
-------   ----                          
00000000  __TI_static_base__            
00000000  interruptVectors              
00000111  timing0                       
00000200  __STACK_SIZE                  
00000409  timing1                       
00000463  timing2                       
0000046d  timing3                       
00000477  timing4                       
000004a1  timingSetup                   
00000669  SystemCoreClockUpdate         
000008e1  SystemInit                    
000009fd  TA3_0_IRQHandler              
000009fd  TA3_0_IRQHandler              
00000a11  TA3_N_IRQHandler              
00000a11  TA3_N_IRQHandler              
00000a3b  PORT6_IRQHandler              
00000a3b  PORT6_IRQHandler              
00000abf  main                          
00000c19  PORT4_IRQHandler              
00000c19  PORT4_IRQHandler              
00000c55  setupMovement                 
00000de5  moveStraightDist              
00000fd1  rotDeg                        
000010ad  __aeabi_memcpy                
000010ad  __aeabi_memcpy4               
000010ad  __aeabi_memcpy8               
000010ad  memcpy                        
00001149  __aeabi_memclr                
00001149  __aeabi_memclr4               
00001149  __aeabi_memclr8               
0000114b  __aeabi_memset                
0000114b  __aeabi_memset4               
0000114b  __aeabi_memset8               
00001151  memset                        
000011c5  setDir                        
00001235  __TI_decompress_lzss          
0000129d  setLEDColor                   
00001305  __TI_auto_init_nobinit_nopinit
00001349  _c_int00_noargs               
00001381  clearTurns                    
00001399  powerDiff                     
000013b1  __TI_zero_init_nomemset       
000013c3  __TI_decompress_none          
000013d1  Reset_Handler                 
000013dd  ADC14_IRQHandler              
000013dd  AES256_IRQHandler             
000013dd  BusFault_Handler              
000013dd  COMP_E0_IRQHandler            
000013dd  COMP_E1_IRQHandler            
000013dd  CS_IRQHandler                 
000013dd  DMA_ERR_IRQHandler            
000013dd  DMA_INT0_IRQHandler           
000013dd  DMA_INT1_IRQHandler           
000013dd  DMA_INT2_IRQHandler           
000013dd  DMA_INT3_IRQHandler           
000013dd  DebugMon_Handler              
000013dd  Default_Handler               
000013dd  EUSCIA0_IRQHandler            
000013dd  EUSCIA1_IRQHandler            
000013dd  EUSCIA2_IRQHandler            
000013dd  EUSCIA3_IRQHandler            
000013dd  EUSCIB0_IRQHandler            
000013dd  EUSCIB1_IRQHandler            
000013dd  EUSCIB2_IRQHandler            
000013dd  EUSCIB3_IRQHandler            
000013dd  FLCTL_IRQHandler              
000013dd  FPU_IRQHandler                
000013dd  HardFault_Handler             
000013dd  MemManage_Handler             
000013dd  NMI_Handler                   
000013dd  PCM_IRQHandler                
000013dd  PORT1_IRQHandler              
000013dd  PORT2_IRQHandler              
000013dd  PORT3_IRQHandler              
000013dd  PORT5_IRQHandler              
000013dd  PSS_IRQHandler                
000013dd  PendSV_Handler                
000013dd  RTC_C_IRQHandler              
000013dd  SVC_Handler                   
000013dd  SysTick_Handler               
000013dd  T32_INT1_IRQHandler           
000013dd  T32_INT2_IRQHandler           
000013dd  T32_INTC_IRQHandler           
000013dd  TA0_0_IRQHandler              
000013dd  TA0_N_IRQHandler              
000013dd  TA1_0_IRQHandler              
000013dd  TA1_N_IRQHandler              
000013dd  TA2_0_IRQHandler              
000013dd  TA2_N_IRQHandler              
000013dd  UsageFault_Handler            
000013dd  WDT_A_IRQHandler              
000013df  _system_pre_init              
000013e3  C$$EXIT                       
000013e3  abort                         
000013e8  __TI_Handler_Table_Base       
000013f4  __TI_Handler_Table_Limit      
00001408  __TI_CINIT_Base               
00001418  __TI_CINIT_Limit              
20000000  var                           
2000005c  SystemCoreClock               
2000fe00  __stack                       
20010000  __STACK_END                   
4000480c  WDTCTL_SYM                    
ffffffff  __TI_pprof_out_hndl           
ffffffff  __TI_prof_data_size           
ffffffff  __TI_prof_data_start          
ffffffff  __binit__                     
ffffffff  __c_args__                    
ffffffff  binit                         
UNDEFED   __mpu_init                    
UNDEFED   _system_post_cinit            

[111 symbols]
