******************************************************************************
                  TI ARM Linker PC v18.1.3                     
******************************************************************************
>> Linked Sat Dec  8 18:23:27 2018

OUTPUT FILE NAME:   <ECEN2440_Final_Project_v1.out>
ENTRY POINT SYMBOL: "_c_int00_noargs"  address: 000012dd


MEMORY CONFIGURATION

         name            origin    length      used     unused   attr    fill
----------------------  --------  ---------  --------  --------  ----  --------
  MAIN                  00000000   00040000  000013aa  0003ec56  R  X
  INFO                  00200000   00004000  00000000  00004000  R  X
  SRAM_CODE             01000000   00010000  00000260  0000fda0  RW X
  SRAM_DATA             20000000   00010000  00000260  0000fda0  RW  


SEGMENT ALLOCATION MAP

run origin  load origin   length   init length attrs members
----------  ----------- ---------- ----------- ----- -------
00000000    00000000    000013b0   000013b0    r-x
  00000000    00000000    000000e4   000000e4    r-- .intvecs
  000000e4    000000e4    00001296   00001296    r-x .text
  00001380    00001380    00000030   00000030    r-- .cinit
20000000    20000000    00000060   00000000    rw-
  20000000    20000000    00000054   00000000    rw- .bss
  20000054    20000054    0000000c   00000000    rw- .data
2000fe00    2000fe00    00000200   00000000    rw-
  2000fe00    2000fe00    00000200   00000000    rw- .stack


SECTION ALLOCATION MAP

 output                                  attributes/
section   page    origin      length       input sections
--------  ----  ----------  ----------   ----------------
.intvecs   0    00000000    000000e4     
                  00000000    000000e4     startup_msp432p401r_ccs.obj (.intvecs:retain)

.text      0    000000e4    00001296     
                  000000e4    00000518     timing.obj (.text)
                  000005fc    00000334     system_msp432p401r.obj (.text)
                  00000930    00000234     main.obj (.text)
                  00000b64    00000214     movement_lib.obj (.text)
                  00000d78    000001ec     movement_lib.obj (.text:moveStraightDist)
                  00000f64    000000dc     movement_lib.obj (.text:rotDeg)
                  00001040    0000009c     rtsv7M4_T_le_v4SPD16_eabi.lib : memcpy_t2.asm.obj (.text)
                  000010dc    0000007a                                   : memset_t2.asm.obj (.text)
                  00001156    00000002     --HOLE-- [fill = 0]
                  00001158    00000070     movement_lib.obj (.text:setDir)
                  000011c8    00000068     rtsv7M4_T_le_v4SPD16_eabi.lib : copy_decompress_lzss.c.obj (.text:decompress:lzss:__TI_decompress_lzss)
                  00001230    00000068     movement_lib.obj (.text:setLEDColor)
                  00001298    00000044     rtsv7M4_T_le_v4SPD16_eabi.lib : autoinit.c.obj (.text:__TI_auto_init_nobinit_nopinit:__TI_auto_init_nobinit_nopinit)
                  000012dc    00000038                                   : boot_cortex_m.c.obj (.text:_c_int00_noargs:_c_int00_noargs)
                  00001314    00000018     movement_lib.obj (.text:clearTurns)
                  0000132c    00000018     movement_lib.obj (.text:powerDiff)
                  00001344    00000012     rtsv7M4_T_le_v4SPD16_eabi.lib : copy_zero_init.c.obj (.text:decompress:ZI:__TI_zero_init_nomemset:__TI_zero_init_nomemset)
                  00001356    0000000e                                   : copy_decompress_none.c.obj (.text:decompress:none:__TI_decompress_none)
                  00001364    0000000e     startup_msp432p401r_ccs.obj (.text)
                  00001372    00000004     rtsv7M4_T_le_v4SPD16_eabi.lib : pre_init.c.obj (.text:_system_pre_init)
                  00001376    00000004                                   : exit.c.obj (.text:abort:abort)

.cinit     0    00001380    00000030     
                  00001380    0000000c     (__TI_handler_table)
                  0000138c    0000000b     (.cinit..data.load) [load image, compression = lzss]
                  00001397    00000001     --HOLE-- [fill = 0]
                  00001398    00000008     (.cinit..bss.load) [load image, compression = zero_init]
                  000013a0    00000010     (__TI_cinit_table)

.init_array 
*          0    00000000    00000000     UNINITIALIZED

.binit     0    00000000    00000000     

.bss       0    20000000    00000054     UNINITIALIZED
                  20000000    00000054     (.common:var)

.data      0    20000054    0000000c     UNINITIALIZED
                  20000054    00000008     movement_lib.obj (.data)
                  2000005c    00000004     system_msp432p401r.obj (.data)

.stack     0    2000fe00    00000200     UNINITIALIZED
                  2000fe00    00000004     rtsv7M4_T_le_v4SPD16_eabi.lib : boot_cortex_m.c.obj (.stack)
                  2000fe04    000001fc     --HOLE--

MODULE SUMMARY

       Module                        code   ro data   rw data
       ------                        ----   -------   -------
    .\
       movement_lib.obj              1508   0         16     
       timing.obj                    1304   0         0      
       system_msp432p401r.obj        820    0         8      
       main.obj                      564    0         168    
       startup_msp432p401r_ccs.obj   14     228       0      
    +--+-----------------------------+------+---------+---------+
       Total:                        4210   228       192    
                                                             
    D:\Programs\ti\ccsv8\tools\compiler\ti-cgt-arm_18.1.3.LTS\lib\rtsv7M4_T_le_v4SPD16_eabi.lib
       memcpy_t2.asm.obj             156    0         0      
       memset_t2.asm.obj             122    0         0      
       copy_decompress_lzss.c.obj    104    0         0      
       autoinit.c.obj                68     0         0      
       boot_cortex_m.c.obj           56     0         0      
       copy_zero_init.c.obj          18     0         0      
       copy_decompress_none.c.obj    14     0         0      
       exit.c.obj                    4      0         0      
       pre_init.c.obj                4      0         0      
    +--+-----------------------------+------+---------+---------+
       Total:                        546    0         0      
                                                             
       Stack:                        0      0         1024   
       Linker Generated:             0      47        0      
    +--+-----------------------------+------+---------+---------+
       Grand Total:                  4756   275       1216   


LINKER GENERATED COPY TABLES

__TI_cinit_table @ 000013a0 records: 2, size/record: 8, table size: 16
	.data: load addr=0000138c, load size=0000000b bytes, run addr=20000054, run size=0000000c bytes, compression=lzss
	.bss: load addr=00001398, load size=00000008 bytes, run addr=20000000, run size=00000054 bytes, compression=zero_init


LINKER GENERATED HANDLER TABLE

__TI_handler_table @ 00001380 records: 3, size/record: 4, table size: 12
	index: 0, handler: __TI_decompress_lzss
	index: 1, handler: __TI_decompress_none
	index: 2, handler: __TI_zero_init


GLOBAL SYMBOLS: SORTED ALPHABETICALLY BY Name 

address   name                          
-------   ----                          
00001371  ADC14_IRQHandler              
00001371  AES256_IRQHandler             
00001371  BusFault_Handler              
00001377  C$$EXIT                       
00001371  COMP_E0_IRQHandler            
00001371  COMP_E1_IRQHandler            
00001371  CS_IRQHandler                 
00001371  DMA_ERR_IRQHandler            
00001371  DMA_INT0_IRQHandler           
00001371  DMA_INT1_IRQHandler           
00001371  DMA_INT2_IRQHandler           
00001371  DMA_INT3_IRQHandler           
00001371  DebugMon_Handler              
00001371  Default_Handler               
00001371  EUSCIA0_IRQHandler            
00001371  EUSCIA1_IRQHandler            
00001371  EUSCIA2_IRQHandler            
00001371  EUSCIA3_IRQHandler            
00001371  EUSCIB0_IRQHandler            
00001371  EUSCIB1_IRQHandler            
00001371  EUSCIB2_IRQHandler            
00001371  EUSCIB3_IRQHandler            
00001371  FLCTL_IRQHandler              
00001371  FPU_IRQHandler                
00001371  HardFault_Handler             
00001371  MemManage_Handler             
00001371  NMI_Handler                   
00001371  PCM_IRQHandler                
00001371  PORT1_IRQHandler              
00001371  PORT2_IRQHandler              
00001371  PORT3_IRQHandler              
00000bad  PORT4_IRQHandler              
00000bad  PORT4_IRQHandler              
00001371  PORT5_IRQHandler              
000009cf  PORT6_IRQHandler              
000009cf  PORT6_IRQHandler              
00001371  PSS_IRQHandler                
00001371  PendSV_Handler                
00001371  RTC_C_IRQHandler              
00001365  Reset_Handler                 
00001371  SVC_Handler                   
00001371  SysTick_Handler               
2000005c  SystemCoreClock               
000005fd  SystemCoreClockUpdate         
00000875  SystemInit                    
00001371  T32_INT1_IRQHandler           
00001371  T32_INT2_IRQHandler           
00001371  T32_INTC_IRQHandler           
00001371  TA0_0_IRQHandler              
00001371  TA0_N_IRQHandler              
00001371  TA1_0_IRQHandler              
00001371  TA1_N_IRQHandler              
00001371  TA2_0_IRQHandler              
00001371  TA2_N_IRQHandler              
00000991  TA3_0_IRQHandler              
00000991  TA3_0_IRQHandler              
000009a5  TA3_N_IRQHandler              
000009a5  TA3_N_IRQHandler              
00001371  UsageFault_Handler            
4000480c  WDTCTL_SYM                    
00001371  WDT_A_IRQHandler              
20010000  __STACK_END                   
00000200  __STACK_SIZE                  
000013a0  __TI_CINIT_Base               
000013b0  __TI_CINIT_Limit              
00001380  __TI_Handler_Table_Base       
0000138c  __TI_Handler_Table_Limit      
00001299  __TI_auto_init_nobinit_nopinit
000011c9  __TI_decompress_lzss          
00001357  __TI_decompress_none          
ffffffff  __TI_pprof_out_hndl           
ffffffff  __TI_prof_data_size           
ffffffff  __TI_prof_data_start          
00000000  __TI_static_base__            
00001345  __TI_zero_init_nomemset       
000010dd  __aeabi_memclr                
000010dd  __aeabi_memclr4               
000010dd  __aeabi_memclr8               
00001041  __aeabi_memcpy                
00001041  __aeabi_memcpy4               
00001041  __aeabi_memcpy8               
000010df  __aeabi_memset                
000010df  __aeabi_memset4               
000010df  __aeabi_memset8               
ffffffff  __binit__                     
ffffffff  __c_args__                    
UNDEFED   __mpu_init                    
2000fe00  __stack                       
000012dd  _c_int00_noargs               
UNDEFED   _system_post_cinit            
00001373  _system_pre_init              
00001377  abort                         
ffffffff  binit                         
00001315  clearTurns                    
00000000  interruptVectors              
00000a53  main                          
00001041  memcpy                        
000010e5  memset                        
00000d79  moveStraightDist              
0000132d  powerDiff                     
00000f65  rotDeg                        
00001159  setDir                        
00001231  setLEDColor                   
00000be9  setupMovement                 
00000111  timing0                       
000003a1  timing1                       
000003fb  timing2                       
00000405  timing3                       
0000040f  timing4                       
00000421  timingSetup                   
20000000  var                           


GLOBAL SYMBOLS: SORTED BY Symbol Address 

address   name                          
-------   ----                          
00000000  __TI_static_base__            
00000000  interruptVectors              
00000111  timing0                       
00000200  __STACK_SIZE                  
000003a1  timing1                       
000003fb  timing2                       
00000405  timing3                       
0000040f  timing4                       
00000421  timingSetup                   
000005fd  SystemCoreClockUpdate         
00000875  SystemInit                    
00000991  TA3_0_IRQHandler              
00000991  TA3_0_IRQHandler              
000009a5  TA3_N_IRQHandler              
000009a5  TA3_N_IRQHandler              
000009cf  PORT6_IRQHandler              
000009cf  PORT6_IRQHandler              
00000a53  main                          
00000bad  PORT4_IRQHandler              
00000bad  PORT4_IRQHandler              
00000be9  setupMovement                 
00000d79  moveStraightDist              
00000f65  rotDeg                        
00001041  __aeabi_memcpy                
00001041  __aeabi_memcpy4               
00001041  __aeabi_memcpy8               
00001041  memcpy                        
000010dd  __aeabi_memclr                
000010dd  __aeabi_memclr4               
000010dd  __aeabi_memclr8               
000010df  __aeabi_memset                
000010df  __aeabi_memset4               
000010df  __aeabi_memset8               
000010e5  memset                        
00001159  setDir                        
000011c9  __TI_decompress_lzss          
00001231  setLEDColor                   
00001299  __TI_auto_init_nobinit_nopinit
000012dd  _c_int00_noargs               
00001315  clearTurns                    
0000132d  powerDiff                     
00001345  __TI_zero_init_nomemset       
00001357  __TI_decompress_none          
00001365  Reset_Handler                 
00001371  ADC14_IRQHandler              
00001371  AES256_IRQHandler             
00001371  BusFault_Handler              
00001371  COMP_E0_IRQHandler            
00001371  COMP_E1_IRQHandler            
00001371  CS_IRQHandler                 
00001371  DMA_ERR_IRQHandler            
00001371  DMA_INT0_IRQHandler           
00001371  DMA_INT1_IRQHandler           
00001371  DMA_INT2_IRQHandler           
00001371  DMA_INT3_IRQHandler           
00001371  DebugMon_Handler              
00001371  Default_Handler               
00001371  EUSCIA0_IRQHandler            
00001371  EUSCIA1_IRQHandler            
00001371  EUSCIA2_IRQHandler            
00001371  EUSCIA3_IRQHandler            
00001371  EUSCIB0_IRQHandler            
00001371  EUSCIB1_IRQHandler            
00001371  EUSCIB2_IRQHandler            
00001371  EUSCIB3_IRQHandler            
00001371  FLCTL_IRQHandler              
00001371  FPU_IRQHandler                
00001371  HardFault_Handler             
00001371  MemManage_Handler             
00001371  NMI_Handler                   
00001371  PCM_IRQHandler                
00001371  PORT1_IRQHandler              
00001371  PORT2_IRQHandler              
00001371  PORT3_IRQHandler              
00001371  PORT5_IRQHandler              
00001371  PSS_IRQHandler                
00001371  PendSV_Handler                
00001371  RTC_C_IRQHandler              
00001371  SVC_Handler                   
00001371  SysTick_Handler               
00001371  T32_INT1_IRQHandler           
00001371  T32_INT2_IRQHandler           
00001371  T32_INTC_IRQHandler           
00001371  TA0_0_IRQHandler              
00001371  TA0_N_IRQHandler              
00001371  TA1_0_IRQHandler              
00001371  TA1_N_IRQHandler              
00001371  TA2_0_IRQHandler              
00001371  TA2_N_IRQHandler              
00001371  UsageFault_Handler            
00001371  WDT_A_IRQHandler              
00001373  _system_pre_init              
00001377  C$$EXIT                       
00001377  abort                         
00001380  __TI_Handler_Table_Base       
0000138c  __TI_Handler_Table_Limit      
000013a0  __TI_CINIT_Base               
000013b0  __TI_CINIT_Limit              
20000000  var                           
2000005c  SystemCoreClock               
2000fe00  __stack                       
20010000  __STACK_END                   
4000480c  WDTCTL_SYM                    
ffffffff  __TI_pprof_out_hndl           
ffffffff  __TI_prof_data_size           
ffffffff  __TI_prof_data_start          
ffffffff  __binit__                     
ffffffff  __c_args__                    
ffffffff  binit                         
UNDEFED   __mpu_init                    
UNDEFED   _system_post_cinit            

[111 symbols]
